// Jest Snapshot v1, https://goo.gl/fbAQLP

exports[`PairLiquidityInfoHistoryController GET /history should return history entries and use default values for empty params 1`] = `
[
  {
    "aeUsdPrice": "0.050559",
    "delta0UsdValue": "2.556212481e-18",
    "delta1UsdValue": "2.556212481e-18",
    "deltaReserve0": "1000",
    "deltaReserve1": "1000",
    "height": 100001,
    "logIndex": 1,
    "microBlockHash": "mh_entry1",
    "microBlockTime": "1000000000001",
    "pairAddress": "ct_pair1",
    "reserve0": "1000",
    "reserve0Usd": "2.556212481e-18",
    "reserve1": "1000",
    "reserve1Usd": "2.556212481e-18",
    "senderAccount": "",
    "token0AePrice": "0.050559",
    "token1AePrice": "0.050559",
    "transactionHash": "th_entry1",
    "transactionIndex": "100001",
    "txUsdFee": "7.668637443e-21",
    "type": "PairMint",
  },
  {
    "aeUsdPrice": "0.050559",
    "delta0UsdValue": "2.556212481e-18",
    "delta1UsdValue": "2.556212481e-18",
    "deltaReserve0": "1000",
    "deltaReserve1": "1000",
    "height": 300003,
    "logIndex": 1,
    "microBlockHash": "mh_entry3",
    "microBlockTime": "3000000000003",
    "pairAddress": "ct_pair2",
    "reserve0": "1000",
    "reserve0Usd": "2.556212481e-18",
    "reserve1": "1000",
    "reserve1Usd": "2.556212481e-18",
    "senderAccount": "",
    "token0AePrice": "0.050559",
    "token1AePrice": "0.050559",
    "transactionHash": "th_entry3",
    "transactionIndex": "300003",
    "txUsdFee": "7.668637443e-21",
    "type": "PairMint",
  },
]
`;
